<?xml version="1.0" encoding="UTF-8"?>
<testsuites>
  <testsuite name="/var/www/html/phpunit.xml" tests="42" assertions="68" errors="0" failures="0" skipped="0" time="13.117984">
    <testsuite name="Feature" tests="42" assertions="68" errors="0" failures="0" skipped="0" time="13.117984">
      <testsuite name="Tests\Feature\ServicoTest" file="/var/www/html/tests/Feature/Modules/Servico/ServicoTest.php" tests="42" assertions="68" errors="0" failures="0" skipped="0" time="13.117984">
        <testcase name="test_servico_dto_retorna_array_vazio_inicialmente" file="/var/www/html/tests/Feature/Modules/Servico/ServicoTest.php" line="16" class="Tests\Feature\ServicoTest" classname="Tests.Feature.ServicoTest" assertions="2" time="6.406493"/>
        <testcase name="test_cadastro_dto_aceita_dados_servico" file="/var/www/html/tests/Feature/Modules/Servico/ServicoTest.php" line="26" class="Tests\Feature\ServicoTest" classname="Tests.Feature.ServicoTest" assertions="4" time="0.178485"/>
        <testcase name="test_atualizacao_dto_aceita_dados_servico" file="/var/www/html/tests/Feature/Modules/Servico/ServicoTest.php" line="42" class="Tests\Feature\ServicoTest" classname="Tests.Feature.ServicoTest" assertions="4" time="0.147932"/>
        <testcase name="test_servico_model_pode_ser_instanciado" file="/var/www/html/tests/Feature/Modules/Servico/ServicoTest.php" line="61" class="Tests\Feature\ServicoTest" classname="Tests.Feature.ServicoTest" assertions="1" time="0.555827"/>
        <testcase name="test_servico_model_tem_tabela_correta" file="/var/www/html/tests/Feature/Modules/Servico/ServicoTest.php" line="67" class="Tests\Feature\ServicoTest" classname="Tests.Feature.ServicoTest" assertions="1" time="0.142713"/>
        <testcase name="test_servico_model_tem_fillable_corretos" file="/var/www/html/tests/Feature/Modules/Servico/ServicoTest.php" line="74" class="Tests\Feature\ServicoTest" classname="Tests.Feature.ServicoTest" assertions="1" time="0.154431"/>
        <testcase name="test_servico_model_pode_receber_dados_construtor" file="/var/www/html/tests/Feature/Modules/Servico/ServicoTest.php" line="92" class="Tests\Feature\ServicoTest" classname="Tests.Feature.ServicoTest" assertions="3" time="0.150464"/>
        <testcase name="test_servico_model_timestamps_desabilitados" file="/var/www/html/tests/Feature/Modules/Servico/ServicoTest.php" line="107" class="Tests\Feature\ServicoTest" classname="Tests.Feature.ServicoTest" assertions="1" time="0.159915"/>
        <testcase name="test_servico_repository_pode_ser_instanciado" file="/var/www/html/tests/Feature/Modules/Servico/ServicoTest.php" line="116" class="Tests\Feature\ServicoTest" classname="Tests.Feature.ServicoTest" assertions="1" time="0.196871"/>
        <testcase name="test_servico_repository_herda_abstract_repository" file="/var/www/html/tests/Feature/Modules/Servico/ServicoTest.php" line="123" class="Tests\Feature\ServicoTest" classname="Tests.Feature.ServicoTest" assertions="1" time="0.129353"/>
        <testcase name="test_servico_repository_implementa_interface" file="/var/www/html/tests/Feature/Modules/Servico/ServicoTest.php" line="130" class="Tests\Feature\ServicoTest" classname="Tests.Feature.ServicoTest" assertions="1" time="0.129000"/>
        <testcase name="test_servico_repository_tem_model_correto" file="/var/www/html/tests/Feature/Modules/Servico/ServicoTest.php" line="137" class="Tests\Feature\ServicoTest" classname="Tests.Feature.ServicoTest" assertions="1" time="0.174037"/>
        <testcase name="test_servico_repository_tem_metodos_obrigatorios" file="/var/www/html/tests/Feature/Modules/Servico/ServicoTest.php" line="144" class="Tests\Feature\ServicoTest" classname="Tests.Feature.ServicoTest" assertions="6" time="0.163648"/>
        <testcase name="test_servico_service_pode_ser_instanciado" file="/var/www/html/tests/Feature/Modules/Servico/ServicoTest.php" line="156" class="Tests\Feature\ServicoTest" classname="Tests.Feature.ServicoTest" assertions="1" time="0.163790"/>
        <testcase name="test_atualizacao_retorna_array_vazio_quando_dados_vazios" file="/var/www/html/tests/Feature/Modules/Servico/ServicoTest.php" line="164" class="Tests\Feature\ServicoTest" classname="Tests.Feature.ServicoTest" assertions="4" time="0.495465"/>
        <testcase name="test_servico_service_tem_metodo_listagem" file="/var/www/html/tests/Feature/Modules/Servico/ServicoTest.php" line="186" class="Tests\Feature\ServicoTest" classname="Tests.Feature.ServicoTest" assertions="1" time="0.131249"/>
        <testcase name="test_servico_service_tem_metodo_cadastro" file="/var/www/html/tests/Feature/Modules/Servico/ServicoTest.php" line="191" class="Tests\Feature\ServicoTest" classname="Tests.Feature.ServicoTest" assertions="1" time="0.148423"/>
        <testcase name="test_servico_service_tem_metodo_obter_um_por_uuid" file="/var/www/html/tests/Feature/Modules/Servico/ServicoTest.php" line="196" class="Tests\Feature\ServicoTest" classname="Tests.Feature.ServicoTest" assertions="1" time="0.150467"/>
        <testcase name="test_servico_service_tem_metodo_remocao" file="/var/www/html/tests/Feature/Modules/Servico/ServicoTest.php" line="201" class="Tests\Feature\ServicoTest" classname="Tests.Feature.ServicoTest" assertions="1" time="0.151285"/>
        <testcase name="test_servico_service_tem_metodo_atualizacao" file="/var/www/html/tests/Feature/Modules/Servico/ServicoTest.php" line="206" class="Tests\Feature\ServicoTest" classname="Tests.Feature.ServicoTest" assertions="1" time="0.130134"/>
        <testcase name="test_servico_service_recebe_repository_construtor" file="/var/www/html/tests/Feature/Modules/Servico/ServicoTest.php" line="211" class="Tests\Feature\ServicoTest" classname="Tests.Feature.ServicoTest" assertions="1" time="0.129566"/>
        <testcase name="test_servico_controller_pode_ser_instanciado" file="/var/www/html/tests/Feature/Modules/Servico/ServicoTest.php" line="222" class="Tests\Feature\ServicoTest" classname="Tests.Feature.ServicoTest" assertions="1" time="0.174569"/>
        <testcase name="test_servico_controller_herda_controller_base" file="/var/www/html/tests/Feature/Modules/Servico/ServicoTest.php" line="231" class="Tests\Feature\ServicoTest" classname="Tests.Feature.ServicoTest" assertions="1" time="0.135876"/>
        <testcase name="test_servico_controller_tem_metodo_listagem" file="/var/www/html/tests/Feature/Modules/Servico/ServicoTest.php" line="240" class="Tests\Feature\ServicoTest" classname="Tests.Feature.ServicoTest" assertions="1" time="0.151245"/>
        <testcase name="test_servico_controller_tem_metodo_cadastro" file="/var/www/html/tests/Feature/Modules/Servico/ServicoTest.php" line="245" class="Tests\Feature\ServicoTest" classname="Tests.Feature.ServicoTest" assertions="1" time="0.128035"/>
        <testcase name="test_servico_controller_tem_metodo_obter_um_por_uuid" file="/var/www/html/tests/Feature/Modules/Servico/ServicoTest.php" line="250" class="Tests\Feature\ServicoTest" classname="Tests.Feature.ServicoTest" assertions="1" time="0.132967"/>
        <testcase name="test_servico_controller_tem_metodo_remocao" file="/var/www/html/tests/Feature/Modules/Servico/ServicoTest.php" line="255" class="Tests\Feature\ServicoTest" classname="Tests.Feature.ServicoTest" assertions="1" time="0.131989"/>
        <testcase name="test_servico_controller_tem_metodo_atualizacao" file="/var/www/html/tests/Feature/Modules/Servico/ServicoTest.php" line="260" class="Tests\Feature\ServicoTest" classname="Tests.Feature.ServicoTest" assertions="1" time="0.134242"/>
        <testcase name="test_servico_controller_recebe_service_construtor" file="/var/www/html/tests/Feature/Modules/Servico/ServicoTest.php" line="265" class="Tests\Feature\ServicoTest" classname="Tests.Feature.ServicoTest" assertions="1" time="0.123520"/>
        <testcase name="test_servico_cadastro_request_pode_ser_instanciado" file="/var/www/html/tests/Feature/Modules/Servico/ServicoTest.php" line="276" class="Tests\Feature\ServicoTest" classname="Tests.Feature.ServicoTest" assertions="1" time="0.146323"/>
        <testcase name="test_servico_cadastro_request_herda_form_request" file="/var/www/html/tests/Feature/Modules/Servico/ServicoTest.php" line="283" class="Tests\Feature\ServicoTest" classname="Tests.Feature.ServicoTest" assertions="1" time="0.150862"/>
        <testcase name="test_servico_cadastro_request_tem_metodo_rules" file="/var/www/html/tests/Feature/Modules/Servico/ServicoTest.php" line="290" class="Tests\Feature\ServicoTest" classname="Tests.Feature.ServicoTest" assertions="1" time="0.140281"/>
        <testcase name="test_servico_cadastro_request_tem_metodo_to_dto" file="/var/www/html/tests/Feature/Modules/Servico/ServicoTest.php" line="295" class="Tests\Feature\ServicoTest" classname="Tests.Feature.ServicoTest" assertions="1" time="0.130275"/>
        <testcase name="test_servico_listagem_request_pode_ser_instanciado" file="/var/www/html/tests/Feature/Modules/Servico/ServicoTest.php" line="300" class="Tests\Feature\ServicoTest" classname="Tests.Feature.ServicoTest" assertions="1" time="0.136272"/>
        <testcase name="test_servico_obter_um_por_uuid_request_pode_ser_instanciado" file="/var/www/html/tests/Feature/Modules/Servico/ServicoTest.php" line="307" class="Tests\Feature\ServicoTest" classname="Tests.Feature.ServicoTest" assertions="1" time="0.130877"/>
        <testcase name="test_servico_atualizacao_request_pode_ser_instanciado" file="/var/www/html/tests/Feature/Modules/Servico/ServicoTest.php" line="314" class="Tests\Feature\ServicoTest" classname="Tests.Feature.ServicoTest" assertions="1" time="0.134137"/>
        <testcase name="test_servico_pode_definir_rotas" file="/var/www/html/tests/Feature/Modules/Servico/ServicoTest.php" line="323" class="Tests\Feature\ServicoTest" classname="Tests.Feature.ServicoTest" assertions="2" time="0.134852"/>
        <testcase name="test_servico_controller_namespace_correto" file="/var/www/html/tests/Feature/Modules/Servico/ServicoTest.php" line="330" class="Tests\Feature\ServicoTest" classname="Tests.Feature.ServicoTest" assertions="1" time="0.139816"/>
        <testcase name="test_servico_controller_tem_metodos_para_rotas" file="/var/www/html/tests/Feature/Modules/Servico/ServicoTest.php" line="338" class="Tests\Feature\ServicoTest" classname="Tests.Feature.ServicoTest" assertions="5" time="0.147542"/>
        <testcase name="test_servico_constantes_http_disponiveis" file="/var/www/html/tests/Feature/Modules/Servico/ServicoTest.php" line="349" class="Tests\Feature\ServicoTest" classname="Tests.Feature.ServicoTest" assertions="3" time="0.144475"/>
        <testcase name="test_servico_controller_tem_anotacoes_openapi" file="/var/www/html/tests/Feature/Modules/Servico/ServicoTest.php" line="358" class="Tests\Feature\ServicoTest" classname="Tests.Feature.ServicoTest" assertions="1" time="0.136711"/>
        <testcase name="test_servico_controller_listagem_tem_swagger" file="/var/www/html/tests/Feature/Modules/Servico/ServicoTest.php" line="375" class="Tests\Feature\ServicoTest" classname="Tests.Feature.ServicoTest" assertions="3" time="0.143571"/>
      </testsuite>
    </testsuite>
  </testsuite>
</testsuites>
